Fetching https://medex.com.bd/generics?alpha=A...
Error: HTTPSConnectionPool(host='medex.com.bd', port=443): Max retries exceeded with url: /generics?alpha=A (Caused by NameResolutionError("HTTPSConnection(host='medex.com.bd', port=443): Failed to resolve 'medex.com.bd' ([Errno 11001] getaddrinfo failed)"))
